FC002: Avoid string interpolation where not required: ./attributes/server.rb:205
FC002: Avoid string interpolation where not required: ./attributes/server.rb:206
FC002: Avoid string interpolation where not required: ./attributes/server.rb:207
FC002: Avoid string interpolation where not required: ./attributes/server.rb:208
FC007: Ensure recipe dependencies are reflected in cookbook metadata: ./recipes/client.rb:42
FC052: Metadata uses the deprecated "suggests" keyword: ./metadata.rb:19
FC052: Metadata uses the deprecated "suggests" keyword: ./metadata.rb:20
FC064: Ensure issues_url is set in metadata: ./metadata.rb:1
FC065: Ensure source_url is set in metadata: ./metadata.rb:1
FC066: Ensure chef_version is set in metadata: ./metadata.rb:1
FC069: Ensure standardized license defined in metadata: ./metadata.rb:1
FC072: Metadata should not contain "attribute" keyword: ./metadata.rb:1
FC075: Cookbook uses node.save to save partial node data to the chef-server mid-run: ./recipes/server.rb:42
FC078: Ensure cookbook shared under an OSI-approved open source license: ./metadata.rb:1
FC082: Deprecated node.set or node.set_unless used to set node attributes: ./recipes/ruby.rb:28
FC082: Deprecated node.set or node.set_unless used to set node attributes: ./recipes/server.rb:39
FC082: Deprecated node.set or node.set_unless used to set node attributes: ./recipes/server.rb:40
FC082: Deprecated node.set or node.set_unless used to set node attributes: ./recipes/server.rb:41
FC121: Cookbook depends on cookbook made obsolete by Chef 14: ./metadata.rb:1
FC122: Use the build_essential resource instead of the recipe: ./recipes/ruby.rb:29
