FC001: Use strings in preference to symbols to access node attributes: ./attributes/default.rb:1
FC001: Use strings in preference to symbols to access node attributes: ./attributes/default.rb:2
FC001: Use strings in preference to symbols to access node attributes: ./attributes/default.rb:3
FC001: Use strings in preference to symbols to access node attributes: ./attributes/default.rb:4
FC001: Use strings in preference to symbols to access node attributes: ./attributes/default.rb:5
FC001: Use strings in preference to symbols to access node attributes: ./recipes/default.rb:28
FC001: Use strings in preference to symbols to access node attributes: ./recipes/default.rb:54
FC001: Use strings in preference to symbols to access node attributes: ./recipes/default.rb:59
FC001: Use strings in preference to symbols to access node attributes: ./recipes/mod_rails.rb:28
FC001: Use strings in preference to symbols to access node attributes: ./recipes/mod_rails.rb:37
FC001: Use strings in preference to symbols to access node attributes: ./recipes/mod_rails.rb:46
FC001: Use strings in preference to symbols to access node attributes: ./templates/default/passenger.conf.erb:1
FC001: Use strings in preference to symbols to access node attributes: ./templates/default/passenger.conf.erb:2
FC001: Use strings in preference to symbols to access node attributes: ./templates/default/passenger.conf.erb:3
FC001: Use strings in preference to symbols to access node attributes: ./templates/default/passenger.load.erb:1
FC001: Use strings in preference to symbols to access node attributes: ./templates/default/passenger_web_app.conf.erb:17
FC001: Use strings in preference to symbols to access node attributes: ./templates/default/passenger_web_app.conf.erb:18
FC001: Use strings in preference to symbols to access node attributes: ./templates/default/passenger_web_app.conf.erb:21
FC001: Use strings in preference to symbols to access node attributes: ./templates/default/web_app.conf.erb:17
FC001: Use strings in preference to symbols to access node attributes: ./templates/default/web_app.conf.erb:18
FC001: Use strings in preference to symbols to access node attributes: ./templates/default/web_app.conf.erb:21
FC002: Avoid string interpolation where not required: ./templates/default/passenger_web_app.conf.erb:3
FC002: Avoid string interpolation where not required: ./templates/default/web_app.conf.erb:3
FC019: Access node attributes in a consistent manner: ./recipes/default.rb:33
FC019: Access node attributes in a consistent manner: ./recipes/default.rb:41
FC064: Ensure issues_url is set in metadata: ./metadata.rb:1
FC065: Ensure source_url is set in metadata: ./metadata.rb:1
FC066: Ensure chef_version is set in metadata: ./metadata.rb:1
FC069: Ensure standardized license defined in metadata: ./metadata.rb:1
FC078: Ensure cookbook shared under an OSI-approved open source license: ./metadata.rb:1
FC121: Cookbook depends on cookbook made obsolete by Chef 14: ./metadata.rb:1
FC122: Use the build_essential resource instead of the recipe: ./recipes/default.rb:26
