FC016: LWRP does not declare a default action: ./resources/torrent_file.rb:1
FC024: Consider adding platform equivalents: ./recipes/default.rb:42
FC025: Prefer chef_gem to compile-time gem install: ./recipes/default.rb:25
FC025: Prefer chef_gem to compile-time gem install: ./recipes/default.rb:31
FC064: Ensure issues_url is set in metadata: ./metadata.rb:1
FC065: Ensure source_url is set in metadata: ./metadata.rb:1
FC066: Ensure chef_version is set in metadata: ./metadata.rb:1
FC067: Ensure at least one platform supported in metadata: ./metadata.rb:1
FC069: Ensure standardized license defined in metadata: ./metadata.rb:1
FC078: Ensure cookbook shared under an OSI-approved open source license: ./metadata.rb:1
FC085: Resource using new_resource.updated_by_last_action to converge resource: ./providers/torrent_file.rb:53
FC085: Resource using new_resource.updated_by_last_action to converge resource: ./providers/torrent_file.rb:58
FC121: Cookbook depends on cookbook made obsolete by Chef 14: ./metadata.rb:1
FC122: Use the build_essential resource instead of the recipe: ./recipes/source.rb:21
